*****************************************************************
      SolidWorks Corporation - IGES Processor Status Report
*****************************************************************
=================================================================
General Information
=================================================================
Sending System Product I.D.  : D:\WORK\SANDFIELD\sandfield_3d\Vertical_Action\HEAVY_DUTY\M20\M20S
Receiving System Product I.D.: D:\WORK\SANDFIELD\sandfield_3d\Vertical_Action\HEAVY_DUTY\M20\M20S
File Name                    : D:/WORK/SANDFIELD/sandfield_3d/Vertical_Action/HEAVY_DUTY/M20/M20S.IGS
Sending System               : AutoCAD-13_c4a_Mh (HwLock) (Microsoft Windows NT Version 4.0 (x86))
Preprocessor Version         : AutoCAD IGES Translator R13.1c2 (Jan 23 1997) from Autodesk, Inc.
File Creation Date           : 990520.143328
Model Creation Date          : 990520.105639
Units                        : MM
Model Space Scale            : 1
Author                       : ProCAD
Organization                 : Sandfield Eng Co.


=================================================================
Entity Processing Information
=================================================================


=================================================================
Precision analysis of IGES file:
=================================================================
  Most prevalent number of significant digits:              14
  Highest number of significant digits:                     14
  Average number of significant digits:                10.6667
  Maximum distance to origin:                          103.904
  Minimum distance to origin:                          85.2658
  Effective number of significant digits:              12.9935


=================================================================
Entity Summary
=================================================================
-----------------------------------------------------------------
Type Name                                         Count Converted
---- ----                                         ----- ---------
100  Arc                                            486       486
104  Conic arc                                        2         2
110  Line                                           377       377
116  Point                                          327       327
123  Direction                                      654       654
124  Transformation matrix                          217       217
126  Rational B-spline curve                         90        90
128  Rational B-spline surface                       68        68
186  Manifold Solid B-rep Object                     17        17
190  Plane surface entity                           116       116
192  Right circular cylindrical surface             166       166
194  Right circular conical surface                  12        12
196  Spherical surface                                9         9
198  Toroidal surface                                24        24
502  Vertex list                                     17        17
504  Edge entity                                     17        17
508  Loop entity                                    446       446
510  Face entity                                    395       395
514  Shell entity                                    17        17
_________________________________________________________________


=================================================================
Result Summary
=================================================================
SolidWorks Feature Type                Count
-----------------------                -----
Solid feature(s)                       16
Surface feature(s)                     8
Curve/Sketch feature(s)                0
--------------------------------------------
Start time: Thursday, September 30, 2010 10:57:16
Finish time: Thursday, September 30, 2010 10:57:32
Processing time: 0 days, 00 hours, 00 mins, 16 secs
